variant                             fit_rms    noise      dk_%  drho_c_%  vis!   hid! reward expect  why
P1_reference                         0.0155   0.0141     +0.02     +0.02   0/6   0/30      1      1  positive: the oracle pipeline
P3_t0_from_pre_heating_mean          0.0155   0.0141     +0.03     +0.05   0/6   0/30      1      1  positive: different nuisance handling
P3_window_midpoint_approx            0.0160   0.0141     +0.02     +0.05   0/6   0/30      1      1  positive-boundary: midpoint rule for the integrating logger
N1_power_V_times_I                   0.0155   0.0141    +15.62    +15.63   6/6  29/30      0      0  trap T1: supply-terminal power includes the lead drop
N2_power_V2_over_R                   0.0155   0.0141    +32.22    +32.24   6/6  30/30      0      0  trap T1: supply-terminal voltage across the element
N3_all_power_into_specimen           0.0155   0.0141   +143.22   +143.24   6/6  30/30      0      0  trap T2: base block ignored
N4_symmetric_half_split              0.0155   0.0141    +21.61    +21.62   6/6  30/30      0      0  trap T2: symmetric-sandwich assumption
N5_radiograph_depths_as_is           0.0155   0.0141    +13.65    -11.98   6/6  28/30      0      0  trap T3: no magnification correction
N6_magnification_inverted            0.0155   0.0141    +29.15    -22.54   6/6  28/30      0      0  trap T3: magnification applied the wrong way
N7_logger_instantaneous              0.1082   0.0141     -3.03     +0.35   3/6  12/30      0      0  logger integration ignored
N8_logger_window_starts_at_stamp     0.2115   0.0141     -5.91     +0.68   3/6  18/30      0      0  logger window anchored at the wrong end
N9_compound_default                  0.1082   0.0141   +187.51   +130.40   6/6  30/30      0      0  every tempting default at once
P2b_panel_cn_401_nodes_0.02s         0.0155   0.0141     +0.02     +0.02   0/6   0/30      1      1  positive: converged finite differences
B1_panel_series_5_terms              0.0155   0.0141     +0.02     +0.02   0/6   0/30      1     -1  boundary: panel series truncated at 5 terms
N10_panel_fd_implicit_euler_51x1s    0.0155   0.0141     +0.02     +0.02   3/6   0/30      0      0  numerics: unconverged implicit Euler
N11_panel_fd_cn_51x1s                0.0155   0.0141     +0.02     +0.02   2/6   0/30      0      0  numerics: Crank-Nicolson, coarse step after flux switches
N12_panel_fd_cn_101x0.25s            0.0155   0.0141     +0.02     +0.02   1/6   0/30      0      0  numerics: Crank-Nicolson, still unconverged
N13_panel_mol_bdf_default_tol        0.0155   0.0141     +0.02     +0.02   1/6   0/30      0      0  numerics: solve_ivp BDF at default rtol=1e-3
HARNESS PASS
